1826
12224
0
0
9601
9601
10439
12248
0
12248
3142
0
2294
11757
8903
0
0
0
0
0
0
0
0
0
5508
6528
7517
0
5935
4523
0
6804
0
7542
7014
0
0
5659
0
6804
2957
7517
7014
0
7014
0
0
2768
800
0
2586
1222
0
800
0
7589
0
8513
0
8513
0
0
0
0
0
0
0
0
0
0
0
0
2660
0
9091
0
8020
0
8020
0
6613
0
0
0
0
0
0
0
0
0
6169
0
8190
0
6613
0
3623
0
0
0
0
0
0
0
0
0
0
2376
1981
0
0
2708
0
0
1981
0
3017
8391
0
0
4054
0
0
0
5357
4716
0
0
0
4716
0
9669
8768
4409
8391
7181
2592
7482
2592
7975
8768
7482
9102
0
0
7482
7181
0
0
7975
0
3372
0
9669
7482
9648
7482
8935
0
9398
9685
3708
0
6688
0
0
0
0
0
0
0
0
0
0
0
0
0
0
0
0
0
0
0
0
0
0
0
0
0
0
0
0
0
0
0
0
0
0
0
0
0
0
0
0
0
0
0
0
0
0
0
0
0
0
0
0
0
3232
1165
0
0
2611
2968
0
0
0
0
0
0
0
0
0
2347
0
3622
0
0
0
0
0
0
0
0
3622
0
2611
0
0
3232
2347
0
0
3798
0
0
0
1492
0
3158
0
2336
0
0
0
0
0
1492
0
3158
0
0
0
767
1492
0
2640
0
0
0
0
0
0
0
0
0
0
0
2640
0
0
1644
0
0
0
0
0
0
0
0
1644
0
0
0
0
0
0
0
7879
0
5388
5866
0
857
0
0
0
8702
8104
0
6409
0
8924
0
0
8985
0
8316
0
0
7011
0
0
0
0
0
0
6786
8622
0
7795
0
6786
0
8661
0
3644
0
0
0
7795
4736
0
7117
8661
8661
0
7795
0
0
8622
0
2850
0
0
0
0
0
0
0
0
0
7795
0
7621
0
0
0
0
2110
0
0
0
0
0
0
0
0
1526
0
0
0
0
0
0
0
0
0
0
0
0
0
0
0
0
0
0
0
0
3478
0
0
0
0
0
0
0
0
0
0
13457
3382
0
21635
9067
14354
0
19878
10848
12825
0
21386
20608
3949
0
15479
20930
11994
0
15192
10282
17675
18408
1048
0
5504
21245
3949
12560
14652
0
6389
0
0
21386
0
0
14065
13143
19878
6389
10848
7973
18408
16904
0
0
4998
7095
0
0
4386
2677
0
2044
8110
7623
8110
8160
0
0
0
0
0
0
0
0
0
3112
0
0
4180
0
0
3112
1090
0
0
0
0
0
0
0
0
0
1090
0
5039
0
0
4404
0
0
0
0
0
0
2753
0
0
0
0
0
0
0
884
2753
0
4784
795
0
0
0
0
0
620
0
0
0
0
0
0
0
0
1751
0
0
0
0
0
0
0
0
0
0
0
0
0
0
0
0
1692
0
0
7418
13987
3170
13291
10054
15147
8484
0
12240
2850
7792
0
13763
13763
13763
5990
0
13529
1226
2035
0
11946
15486
0
5293
9028
11149
0
0
0
0
0
0
0
0
0
0
0
0
0
0
0
0
0
2888
0
0
0
1830
0
0
0
0
0
2442
2888
0
0
3520
0
1118
0
0
0
3958
0
0
11638
0
15532
2063
0
14258
7948
0
0
0
4510
0
0
1358
0
0
0
7948
17776
0
12858
0
17558
12858
0
16966
12462
13529
16475
16154
17381
8528
10909
0
0
10832
13651
0
0
1117
0
0
0
0
0
0
4919
0
0
0
0
0
0
7729
0
12757
0
0
0
0
0
0
0
0
0
0
0
0
3341
10077
18945
6636
7080
23679
1598
23267
5482
22654
0
22459
4254
0
0
0
4370
0
0
5471
8105
4370
7337
0
4370
0
0
2720
8888
0
0
1345
7859
0
2001
6678
5120
7024
5120
5120
0
0
7583
9158
3376
3538
0
5576
3244
3948
0
788
3244
5167
5167
0
3948
0
0
0
10569
0
0
0
0
7892
11931
0
9561
5140
0
0
2475
0
8629
0
2475
0
11771
0
7264
0
0
0
0
5140
0
2069
11351
8869
11860
0
5140
0
0
430
430
0
0
0
5796
0
0
0
0
5301
0
0
0
0
0
0
0
5796
0
0
0
0
0
0
0
0
0
0
440
0
0
440
0
0
0
0
0
0
0
0
0
0
5843
0
0
0
0
0
0
0
0
0
0
0
0
5843
0
0
0
1990
6495
0
0
0
0
0
0
3909
0
3539
0
0
3302
0
3909
3909
5640
4468
6564
1632
2249
0
0
3909
1632
3302
3539
3613
0
0
0
9187
7315
0
0
0
0
7315
0
0
0
0
7806
0
0
5247
9325
0
9187
0
0
9537
0
0
0
0
5770
0
0
8474
0
5770
9607
0
9325
0
4136
0
4136
8835
5247
0
0
0
1453
2051
1453
1740
781
0
2949
0
0
0
0
0
0
0
0
4193
0
0
0
4644
0
0
0
0
0
0
0
0
0
0
0
0
0
0
0
3488
0
0
0
0
8246
0
1906
0
0
0
0
2357
0
7640
7975
0
0
0
0
0
0
0
0
0
0
0
0
4415
5001
0
0
0
0
0
0
1717
2561
0
0
0
0
5001
0
0
1320
0
9472
1320
8845
9876
4708
8589
2053
0
11039
11039
1032
11039
7271
7736
2306
0
0
7736
6289
6289
10360
1320
6289
3044
0
0
675
10360
0
1320
5506
7055
2306
6772
10614
6289
10360
7952
11084
3044
0
7731
8436
0
9156
0
5573
0
14079
0
0
13543
7361
6918
9507
13819
12442
13400
10141
6022
0
0
0
0
9507
11031
0
0
0
1567
0
0
11330
10729
5122
10141
0
0
0
0
12687
0
0
0
0
0
6801
0
0
1675
0
9779
0
0
0
0
0
0
0
0
0
0
7402
9565
0
0
0
0
8921
0
0
0
0
7402
0
0
7402
3325
5441
0
0
0
0
5441
9875
9801
0
0
0
8203
9875
0
8444
0
0
0
0
0
0
9140
0
0
3049
10236
7714
0
0
0
0
3049
0
0
0
0
0
0
0
0
0
0
0
0
0
0
0
0
0
0
0
0
0
0
0
0
0
4104
0
0
0
3459
0
0
0
0
0
0
7167
0
5308
0
0
0
0
7167
1817
2613
5453
3894
1214
0
4817
0
0
8123
0
0
8987
0
0
13710
3715
15535
0
15897
16012
6206
15176
6206
5183
0
0
0
0
0
0
0
0
0
0
0
0
0
0
0
0
0
0
1892
6415
0
0
6415
1892
0
0
0
0
0
0
0
0
0
0
0
0
0
0
0
0
0
0
0
0
0
0
0
0
0
0
0
0
0
1652
0
0
0
0
0
0
0
0
0
0
0
12713
0
0
5118
0
0
0
0
0
0
0
0
0
0
0
0
9339
0
6684
12245
2094
0
0
0
0
0
0
12623
0
12409
0
12713
0
0
8843
7396
0
0
0
0
0
9748
0
0
6491
0
0
9784
0
12117
0
0
0
12117
0
13786
0
5110
0
0
10145
3151
0
6903
16911
0
6586
0
8849
1058
16540
16911
16387
9245
16540
16911
16691
0
0
10369
0
2744
0
0
0
0
0
13458
0
14313
0
16387
14573
0
14796
0
0
9617
9976
16387
17033
0
11911
8849
4513
10764
3757
0
4194
4654
10448
11319
12243
4194
11977
0
9256
0
0
1600
0
8639
2991
12751
12456
7287
10170
0
6266
0
5369
11977
12544
0
2064
4194
0
9256
7980
3757
12144
986
6266
0
0
0
0
0
0
0
0
1037
1241
0
0
1596
0
1097
0
6352
0
0
0
0
7594
6079
0
0
3308
7996
0
8293
0
1596
0
0
0
0
0
0
0
0
0
1097
0
4780
7786
0
0
0
12897
0
13059
9879
0
0
11601
11813
0
9068
6570
0
0
0
11146
0
0
7786
11997
12538
6984
8519
0
11146
0
11377
0
0
6570
8824
8824
0
0
14171
7786
4215
0
0
4215
6077
0
6508
0
1489
5852
0
0
0
0
0
0
3865
0
0
0
0
0
0
0
0
0
0
0
0
0
0
0
0
3923
0
3752
0
0
0
0
0
0
0
0
0
0
2830
1228
8758
22151
3966
20799
3574
11173
19793
3574
16778
22499
21849
0
11173
2422
20045
19793
9805
0
20950
20799
9805
13931
7047
9805
13586
22442
16196
0
22362
3966
7392
19043
7392
4646
18190
16196
0
20277
0
22477
20277
0
0
0
0
0
0
0
0
0
0
0
0
0
0
0
0
0
0
0
0
0
0
0
0
1531
1581
1581
877
1581
1581
1581
877
9408
0
13630
4723
0
0
0
0
0
0
0
0
0
9842
0
9842
8087
8087
0
0
0
10745
7762
0
0
0
0
0
0
9598
6226
0
0
10030
10745
7380
0
8087
0
10745
9410
2225
8087
0
9141
10363
0
0
0
0
0
0
0
0
0
0
0
0
0
0
0
0
0
0
0
0
0
0
0
0
0
0
0
0
0
0
0
0
0
0
0
0
0
0
0
0
731
0
0
2131
0
0
0
0
0
0
5256
0
9458
0
0
0
0
0
0
0
3572
0
0
0
8988
0
7330
0
0
5256
0
0
0
0
2965
0
9458
7925
0
5678
0
3572
0
0
0
0
0
0
0
0
3704
0
0
0
4007
0
3343
0
0
0
4007
0
0
0
0
0
0
0
0
0
0
0
0
0
0
0
0
0
0
0
0
0
0
0
0
0
0
0
0
0
0
0
0
0
0
0
0
0
0
0
0
0
0
0
0
0
0
0
0
0
0
0
0
9049
0
0
8679
0
5131
0
3860
2460
0
0
0
0
0
10203
9585
6172
0
9585
3577
10818
9262
5723
3577
0
3577
1339
10507
0
0
0
9880
0
0
4985
0
9262
10676
0
0
0
0
0
0
0
0
0
0
847
0
12276
0
7534
13384
9470
13384
3174
15680
6861
14217
15544
12532
9990
0
16414
0
0
15113
16000
12994
14986
14033
13384
12276
10949
14444
15113
4037
13181
9990
9990
16000
11235
16000
11235
8207
9184
12276
11755
0
0
625
1523
2401
2675
0
0
0
0
0
183
183
0
0
0
0
0
0
0
0
0
0
0
0
0
0
0
0
0
0
0
0
0
0
0
0
0
0
0
0
0
5420
0
0
0
0
0
4270
0
0
0
0
1112
0
0
11093
7580
0
0
0
11275
0
0
0
0
7321
2770
0
4164
8661
8216
3230
0
5984
8872
0
1439
9084
0
4691
5401
0
3598
5988
5764
4897
5055
4691
5055
0
0
0
0
0
0
0
0
0
0
0
0
0
2699
0
0
0
0
0
0
3571
0
3870
0
0
0
0
0
0
0
0
0
2814
2169
0
1248
480
1891
2492
3688
4018
2814
15907
17954
4852
0
0
0
5397
1991
4539
10744
4539
4539
10027
8543
1350
0
10874
9844
841
1991
10978
8991
3906
11160
3265
6718
11373
0
10027
0
1350
11224
0
0
10027
4539
10874
4207
0
0
1082
0
0
0
0
0
0
0
2960
0
0
2364
